// Jest Snapshot v1, https://goo.gl/fbAQLP

exports[`Checkbox to match snapshot 1`] = `
<span
  className="inline-block ml-3 relative"
  onClick={[Function]}
>
  <input
    checked={true}
    className="hidden"
    data-testid="0"
    id="0"
    onChange={[Function]}
    type="checkbox"
  />
  <label
    className="cursor-pointer"
    htmlFor="0"
  >
    <div
      className="w-6 h-3 bg-gray-400 rounded-full shadow-inner"
    />
    <div
      className="toggle__dot absolute w-4 h-4 bg-gray-300 rounded-full shadow inset-y-0 left-0 toggle__dot--checked"
    />
  </label>
</span>
`;
