// Jest Snapshot v1, https://goo.gl/fbAQLP

exports[`FiltersWithRouter to match snapshot 1`] = `
<ul
  className="border-b-2 flex flex-wrap"
>
  <li
    className="mx-1 my-1"
  >
    <a
      href="#/all"
      onClick={[Function]}
    >
      <button
        className="focus:outline-none hover:bg-blue-700 px-4 rounded-full text-white bg-blue-900"
        data-testid="all"
        onClick={[Function]}
        type="button"
      >
        all (2)
      </button>
    </a>
  </li>
  <li
    className="mx-1 my-1"
  >
    <a
      href="#/retrospectives"
      onClick={[Function]}
    >
      <button
        className="focus:outline-none hover:bg-blue-700 px-4 rounded-full text-white bg-blue-500"
        data-testid="retrospectives"
        onClick={[Function]}
        type="button"
      >
        retrospectives (2)
      </button>
    </a>
  </li>
</ul>
`;
