// Jest Snapshot v1, https://goo.gl/fbAQLP

exports[`App click retrospectives 1`] = `
<button
  class="capitalize focus:outline-none hover:bg-blue-700 px-4 rounded-full text-white bg-blue-900"
  data-testid="retrospectives"
  type="button"
>
  retrospectives (2)
</button>
`;

exports[`App loading 1`] = `
<div
  className="flex flex-col font-serif items-center max-w-4xl mx-16 sm:mx-32 md:mx-32 lg:mx-32 xl:mx-auto"
>
  <h1
    className="font-bold mb-8 mt-2 text-4xl text-gray-900"
  >
    Loading ...
  </h1>
  <p
    className="my-8"
  >
    <small
      className="font-normal text-gray-700 text-sm"
    >
      v
      0.19.4
    </small>
  </p>
</div>
`;

exports[`App w/ fitbs & tags 1`] = `
<div>
  <div
    class="flex flex-col font-serif items-center max-w-4xl mx-16 sm:mx-32 md:mx-32 lg:mx-32 xl:mx-auto"
  >
    <h1
      class="font-bold mb-8 mt-2 text-4xl text-gray-900"
    >
      TeamPrompts
    </h1>
    <ul
      class="flex flex-wrap mb-4"
    >
      <li
        class="mx-1 my-1"
      >
        <a
          href="#/all"
        >
          <button
            class="capitalize focus:outline-none hover:bg-blue-700 px-4 rounded-full text-white bg-blue-900"
            data-testid="all"
            type="button"
          >
            all (11)
          </button>
        </a>
      </li>
      <li
        class="mx-1 my-1"
      >
        <a
          href="#/decision-making"
        >
          <button
            class="capitalize focus:outline-none hover:bg-blue-700 px-4 rounded-full text-white bg-blue-500"
            data-testid="decision making"
            type="button"
          >
            decision making (2)
          </button>
        </a>
      </li>
      <li
        class="mx-1 my-1"
      >
        <a
          href="#/measurement"
        >
          <button
            class="capitalize focus:outline-none hover:bg-blue-700 px-4 rounded-full text-white bg-blue-500"
            data-testid="measurement"
            type="button"
          >
            measurement (5)
          </button>
        </a>
      </li>
      <li
        class="mx-1 my-1"
      >
        <a
          href="#/retrospectives"
        >
          <button
            class="capitalize focus:outline-none hover:bg-blue-700 px-4 rounded-full text-white bg-blue-500"
            data-testid="retrospectives"
            type="button"
          >
            retrospectives (2)
          </button>
        </a>
      </li>
      <li
        class="mx-1 my-1"
      >
        <a
          href="#/strategy"
        >
          <button
            class="capitalize focus:outline-none hover:bg-blue-700 px-4 rounded-full text-white bg-blue-500"
            data-testid="strategy"
            type="button"
          >
            strategy (5)
          </button>
        </a>
      </li>
    </ul>
    <ul>
      <li>
        <div
          class="border-b border-gray-500 leading-loose mb-2 px-4 hover:bg-gray-100 cursor-pointer py-8 shadow text-lg"
          data-testid="container"
        >
          I used to find 
          <span
            class="inline-flex flex-col leading-none"
            data-testid="input-container"
          >
            <div
              class="self-center"
              style="display: inline-block;"
            >
              <input
                class=""
                data-testid="input"
                placeholder="________________"
                style="box-sizing: content-box; width: 2px;"
                value=""
              />
              <div
                style="position: absolute; top: 0px; left: 0px; visibility: hidden; height: 0px; overflow: scroll; white-space: pre; font-family: -webkit-small-control; letter-spacing: normal; text-transform: none;"
              />
              <div
                style="position: absolute; top: 0px; left: 0px; visibility: hidden; height: 0px; overflow: scroll; white-space: pre; font-family: -webkit-small-control; letter-spacing: normal; text-transform: none;"
              >
                ________________
              </div>
            </div>
            <label
              class="self-center text-sm"
            >
              aspect of how you work
            </label>
          </span>
           to be highly counterintuitive. It seemed destined to fail because 
          <span
            class="inline-flex flex-col leading-none"
            data-testid="input-container"
          >
            <div
              class="self-center"
              style="display: inline-block;"
            >
              <input
                class=""
                data-testid="input"
                placeholder="________________"
                style="box-sizing: content-box; width: 2px;"
                value=""
              />
              <div
                style="position: absolute; top: 0px; left: 0px; visibility: hidden; height: 0px; overflow: scroll; white-space: pre; font-family: -webkit-small-control; letter-spacing: normal; text-transform: none;"
              />
              <div
                style="position: absolute; top: 0px; left: 0px; visibility: hidden; height: 0px; overflow: scroll; white-space: pre; font-family: -webkit-small-control; letter-spacing: normal; text-transform: none;"
              >
                ________________
              </div>
            </div>
            <label
              class="self-center text-sm"
            >
              reason
            </label>
          </span>
          . I now see things differently. The big shift was realizing that 
          <span
            class="inline-flex flex-col leading-none"
            data-testid="input-container"
          >
            <div
              class="self-center"
              style="display: inline-block;"
            >
              <input
                class=""
                data-testid="input"
                placeholder="________________"
                style="box-sizing: content-box; width: 2px;"
                value=""
              />
              <div
                style="position: absolute; top: 0px; left: 0px; visibility: hidden; height: 0px; overflow: scroll; white-space: pre; font-family: -webkit-small-control; letter-spacing: normal; text-transform: none;"
              />
              <div
                style="position: absolute; top: 0px; left: 0px; visibility: hidden; height: 0px; overflow: scroll; white-space: pre; font-family: -webkit-small-control; letter-spacing: normal; text-transform: none;"
              >
                ________________
              </div>
            </div>
            <label
              class="self-center text-sm"
            >
              realization
            </label>
          </span>
          .
          <span
            class="inline-block ml-3 relative"
          >
            <input
              class="hidden"
              data-testid="recevUpbRFDbVHx7L"
              id="recevUpbRFDbVHx7L"
              type="checkbox"
            />
            <label
              class="cursor-pointer"
              for="recevUpbRFDbVHx7L"
            >
              <div
                class="w-6 h-3 bg-gray-400 rounded-full shadow-inner"
              />
              <div
                class="toggle__dot absolute w-4 h-4 bg-gray-300 rounded-full shadow inset-y-0 left-0"
              />
            </label>
          </span>
          <button
            class="bg-blue-500 focus:outline-none font-bold font-mono hover:bg-blue-700 ml-3 px-4 rounded-full text-xs text-white"
            data-testid="copy-button"
            type="button"
          >
            Copy to clipboard
          </button>
          <div
            class="italic text-indigo-700 text-right text-sm underline"
          >
            <a
              href="https://twitter.com/HiredThought"
              rel="noopener noreferrer"
              target="_blank"
            >
              @HiredThought
            </a>
          </div>
        </div>
      </li>
      <li>
        <div
          class="border-b border-gray-500 leading-loose mb-2 px-4 hover:bg-gray-100 cursor-pointer py-8 shadow text-lg"
          data-testid="container"
        >
          We believe that 
          <span
            class="inline-flex flex-col leading-none"
            data-testid="input-container"
          >
            <div
              class="self-center"
              style="display: inline-block;"
            >
              <input
                class=""
                data-testid="input"
                placeholder="________________"
                style="box-sizing: content-box; width: 2px;"
                value=""
              />
              <div
                style="position: absolute; top: 0px; left: 0px; visibility: hidden; height: 0px; overflow: scroll; white-space: pre; font-family: -webkit-small-control; letter-spacing: normal; text-transform: none;"
              />
              <div
                style="position: absolute; top: 0px; left: 0px; visibility: hidden; height: 0px; overflow: scroll; white-space: pre; font-family: -webkit-small-control; letter-spacing: normal; text-transform: none;"
              >
                ________________
              </div>
            </div>
            <label
              class="self-center text-sm"
            >
              increasing/decreasing
            </label>
          </span>
           
          <span
            class="inline-flex flex-col leading-none"
            data-testid="input-container"
          >
            <div
              class="self-center"
              style="display: inline-block;"
            >
              <input
                class=""
                data-testid="input"
                placeholder="________________"
                style="box-sizing: content-box; width: 2px;"
                value=""
              />
              <div
                style="position: absolute; top: 0px; left: 0px; visibility: hidden; height: 0px; overflow: scroll; white-space: pre; font-family: -webkit-small-control; letter-spacing: normal; text-transform: none;"
              />
              <div
                style="position: absolute; top: 0px; left: 0px; visibility: hidden; height: 0px; overflow: scroll; white-space: pre; font-family: -webkit-small-control; letter-spacing: normal; text-transform: none;"
              >
                ________________
              </div>
            </div>
            <label
              class="self-center text-sm"
            >
              some activity
            </label>
          </span>
           causes 
          <span
            class="inline-flex flex-col leading-none"
            data-testid="input-container"
          >
            <div
              class="self-center"
              style="display: inline-block;"
            >
              <input
                class=""
                data-testid="input"
                placeholder="________________"
                style="box-sizing: content-box; width: 2px;"
                value=""
              />
              <div
                style="position: absolute; top: 0px; left: 0px; visibility: hidden; height: 0px; overflow: scroll; white-space: pre; font-family: -webkit-small-control; letter-spacing: normal; text-transform: none;"
              />
              <div
                style="position: absolute; top: 0px; left: 0px; visibility: hidden; height: 0px; overflow: scroll; white-space: pre; font-family: -webkit-small-control; letter-spacing: normal; text-transform: none;"
              >
                ________________
              </div>
            </div>
            <label
              class="self-center text-sm"
            >
              increases/decreases
            </label>
          </span>
           in some 
          <span
            class="inline-flex flex-col leading-none"
            data-testid="input-container"
          >
            <div
              class="self-center"
              style="display: inline-block;"
            >
              <input
                class=""
                data-testid="input"
                placeholder="________________"
                style="box-sizing: content-box; width: 2px;"
                value=""
              />
              <div
                style="position: absolute; top: 0px; left: 0px; visibility: hidden; height: 0px; overflow: scroll; white-space: pre; font-family: -webkit-small-control; letter-spacing: normal; text-transform: none;"
              />
              <div
                style="position: absolute; top: 0px; left: 0px; visibility: hidden; height: 0px; overflow: scroll; white-space: pre; font-family: -webkit-small-control; letter-spacing: normal; text-transform: none;"
              >
                ________________
              </div>
            </div>
            <label
              class="self-center text-sm"
            >
              key performance metric, financial metric, etc.
            </label>
          </span>
          . There are a number of assumptions/factors underpinning that causal relationship including 
          <span
            class="inline-flex flex-col leading-none"
            data-testid="input-container"
          >
            <div
              class="self-center"
              style="display: inline-block;"
            >
              <input
                class=""
                data-testid="input"
                placeholder="________________"
                style="box-sizing: content-box; width: 2px;"
                value=""
              />
              <div
                style="position: absolute; top: 0px; left: 0px; visibility: hidden; height: 0px; overflow: scroll; white-space: pre; font-family: -webkit-small-control; letter-spacing: normal; text-transform: none;"
              />
              <div
                style="position: absolute; top: 0px; left: 0px; visibility: hidden; height: 0px; overflow: scroll; white-space: pre; font-family: -webkit-small-control; letter-spacing: normal; text-transform: none;"
              >
                ________________
              </div>
            </div>
            <label
              class="self-center text-sm"
            >
              factors, caveats, assumptions
            </label>
          </span>
          .
          <span
            class="inline-block ml-3 relative"
          >
            <input
              class="hidden"
              data-testid="recglWG0JkW6S4z5T"
              id="recglWG0JkW6S4z5T"
              type="checkbox"
            />
            <label
              class="cursor-pointer"
              for="recglWG0JkW6S4z5T"
            >
              <div
                class="w-6 h-3 bg-gray-400 rounded-full shadow-inner"
              />
              <div
                class="toggle__dot absolute w-4 h-4 bg-gray-300 rounded-full shadow inset-y-0 left-0"
              />
            </label>
          </span>
          <button
            class="bg-blue-500 focus:outline-none font-bold font-mono hover:bg-blue-700 ml-3 px-4 rounded-full text-xs text-white"
            data-testid="copy-button"
            type="button"
          >
            Copy to clipboard
          </button>
        </div>
      </li>
      <li>
        <div
          class="border-b border-gray-500 leading-loose mb-2 px-4 hover:bg-gray-100 cursor-pointer py-8 shadow text-lg"
          data-testid="container"
        >
          If you look at our near-time three month roadmap, you will see a number of bets. The riskiest bet, with the highest potential upside, is our bet to focus on 
          <span
            class="inline-flex flex-col leading-none"
            data-testid="input-container"
          >
            <div
              class="self-center"
              style="display: inline-block;"
            >
              <input
                class=""
                data-testid="input"
                placeholder="________________"
                style="box-sizing: content-box; width: 2px;"
                value=""
              />
              <div
                style="position: absolute; top: 0px; left: 0px; visibility: hidden; height: 0px; overflow: scroll; white-space: pre; font-family: -webkit-small-control; letter-spacing: normal; text-transform: none;"
              />
              <div
                style="position: absolute; top: 0px; left: 0px; visibility: hidden; height: 0px; overflow: scroll; white-space: pre; font-family: -webkit-small-control; letter-spacing: normal; text-transform: none;"
              >
                ________________
              </div>
            </div>
            <label
              class="self-center text-sm"
            >
              some opportunity
            </label>
          </span>
           by trying to 
          <span
            class="inline-flex flex-col leading-none"
            data-testid="input-container"
          >
            <div
              class="self-center"
              style="display: inline-block;"
            >
              <input
                class=""
                data-testid="input"
                placeholder="________________"
                style="box-sizing: content-box; width: 2px;"
                value=""
              />
              <div
                style="position: absolute; top: 0px; left: 0px; visibility: hidden; height: 0px; overflow: scroll; white-space: pre; font-family: -webkit-small-control; letter-spacing: normal; text-transform: none;"
              />
              <div
                style="position: absolute; top: 0px; left: 0px; visibility: hidden; height: 0px; overflow: scroll; white-space: pre; font-family: -webkit-small-control; letter-spacing: normal; text-transform: none;"
              >
                ________________
              </div>
            </div>
            <label
              class="self-center text-sm"
            >
              some intervention
            </label>
          </span>
          . We will 
          <span
            class="inline-flex flex-col leading-none"
            data-testid="input-container"
          >
            <div
              class="self-center"
              style="display: inline-block;"
            >
              <input
                class=""
                data-testid="input"
                placeholder="________________"
                style="box-sizing: content-box; width: 2px;"
                value=""
              />
              <div
                style="position: absolute; top: 0px; left: 0px; visibility: hidden; height: 0px; overflow: scroll; white-space: pre; font-family: -webkit-small-control; letter-spacing: normal; text-transform: none;"
              />
              <div
                style="position: absolute; top: 0px; left: 0px; visibility: hidden; height: 0px; overflow: scroll; white-space: pre; font-family: -webkit-small-control; letter-spacing: normal; text-transform: none;"
              >
                ________________
              </div>
            </div>
            <label
              class="self-center text-sm"
            >
              know/be more confident
            </label>
          </span>
           this was the right bet if we observe 
          <span
            class="inline-flex flex-col leading-none"
            data-testid="input-container"
          >
            <div
              class="self-center"
              style="display: inline-block;"
            >
              <input
                class=""
                data-testid="input"
                placeholder="________________"
                style="box-sizing: content-box; width: 2px;"
                value=""
              />
              <div
                style="position: absolute; top: 0px; left: 0px; visibility: hidden; height: 0px; overflow: scroll; white-space: pre; font-family: -webkit-small-control; letter-spacing: normal; text-transform: none;"
              />
              <div
                style="position: absolute; top: 0px; left: 0px; visibility: hidden; height: 0px; overflow: scroll; white-space: pre; font-family: -webkit-small-control; letter-spacing: normal; text-transform: none;"
              >
                ________________
              </div>
            </div>
            <label
              class="self-center text-sm"
            >
              some leading indicator
            </label>
          </span>
          . We can actively de-risk this bet by 
          <span
            class="inline-flex flex-col leading-none"
            data-testid="input-container"
          >
            <div
              class="self-center"
              style="display: inline-block;"
            >
              <input
                class=""
                data-testid="input"
                placeholder="________________"
                style="box-sizing: content-box; width: 2px;"
                value=""
              />
              <div
                style="position: absolute; top: 0px; left: 0px; visibility: hidden; height: 0px; overflow: scroll; white-space: pre; font-family: -webkit-small-control; letter-spacing: normal; text-transform: none;"
              />
              <div
                style="position: absolute; top: 0px; left: 0px; visibility: hidden; height: 0px; overflow: scroll; white-space: pre; font-family: -webkit-small-control; letter-spacing: normal; text-transform: none;"
              >
                ________________
              </div>
            </div>
            <label
              class="self-center text-sm"
            >
              some approach to de-risking
            </label>
          </span>
          .
          <button
            class="bg-blue-500 focus:outline-none font-bold font-mono hover:bg-blue-700 ml-3 px-4 rounded-full text-xs text-white"
            data-testid="copy-button"
            type="button"
          >
            Copy to clipboard
          </button>
        </div>
      </li>
      <li>
        <div
          class="border-b border-gray-500 leading-loose mb-2 px-4 hover:bg-gray-100 cursor-pointer py-8 shadow text-lg"
          data-testid="container"
        >
          The writing is on the wall about 
          <span
            class="inline-flex flex-col leading-none"
            data-testid="input-container"
          >
            <div
              class="self-center"
              style="display: inline-block;"
            >
              <input
                class=""
                data-testid="input"
                placeholder="________________"
                style="box-sizing: content-box; width: 2px;"
                value=""
              />
              <div
                style="position: absolute; top: 0px; left: 0px; visibility: hidden; height: 0px; overflow: scroll; white-space: pre; font-family: -webkit-small-control; letter-spacing: normal; text-transform: none;"
              />
              <div
                style="position: absolute; top: 0px; left: 0px; visibility: hidden; height: 0px; overflow: scroll; white-space: pre; font-family: -webkit-small-control; letter-spacing: normal; text-transform: none;"
              >
                ________________
              </div>
            </div>
            <label
              class="self-center text-sm"
            >
              some sea-change in technology adoption and/or some shift in consumer behavior
            </label>
          </span>
          . What is unclear is timing. As a company, we are betting that this will occur 
          <span
            class="inline-flex flex-col leading-none"
            data-testid="input-container"
          >
            <div
              class="self-center"
              style="display: inline-block;"
            >
              <input
                class=""
                data-testid="input"
                placeholder="________________"
                style="box-sizing: content-box; width: 2px;"
                value=""
              />
              <div
                style="position: absolute; top: 0px; left: 0px; visibility: hidden; height: 0px; overflow: scroll; white-space: pre; font-family: -webkit-small-control; letter-spacing: normal; text-transform: none;"
              />
              <div
                style="position: absolute; top: 0px; left: 0px; visibility: hidden; height: 0px; overflow: scroll; white-space: pre; font-family: -webkit-small-control; letter-spacing: normal; text-transform: none;"
              >
                ________________
              </div>
            </div>
            <label
              class="self-center text-sm"
            >
              fast/slower
            </label>
          </span>
           than expected, which will influence our strategy by 
          <span
            class="inline-flex flex-col leading-none"
            data-testid="input-container"
          >
            <div
              class="self-center"
              style="display: inline-block;"
            >
              <input
                class=""
                data-testid="input"
                placeholder="________________"
                style="box-sizing: content-box; width: 2px;"
                value=""
              />
              <div
                style="position: absolute; top: 0px; left: 0px; visibility: hidden; height: 0px; overflow: scroll; white-space: pre; font-family: -webkit-small-control; letter-spacing: normal; text-transform: none;"
              />
              <div
                style="position: absolute; top: 0px; left: 0px; visibility: hidden; height: 0px; overflow: scroll; white-space: pre; font-family: -webkit-small-control; letter-spacing: normal; text-transform: none;"
              >
                ________________
              </div>
            </div>
            <label
              class="self-center text-sm"
            >
              forcing/allowing
            </label>
          </span>
           us to 
          <span
            class="inline-flex flex-col leading-none"
            data-testid="input-container"
          >
            <div
              class="self-center"
              style="display: inline-block;"
            >
              <input
                class=""
                data-testid="input"
                placeholder="________________"
                style="box-sizing: content-box; width: 2px;"
                value=""
              />
              <div
                style="position: absolute; top: 0px; left: 0px; visibility: hidden; height: 0px; overflow: scroll; white-space: pre; font-family: -webkit-small-control; letter-spacing: normal; text-transform: none;"
              />
              <div
                style="position: absolute; top: 0px; left: 0px; visibility: hidden; height: 0px; overflow: scroll; white-space: pre; font-family: -webkit-small-control; letter-spacing: normal; text-transform: none;"
              >
                ________________
              </div>
            </div>
            <label
              class="self-center text-sm"
            >
              some activity
            </label>
          </span>
          , and 
          <span
            class="inline-flex flex-col leading-none"
            data-testid="input-container"
          >
            <div
              class="self-center"
              style="display: inline-block;"
            >
              <input
                class=""
                data-testid="input"
                placeholder="________________"
                style="box-sizing: content-box; width: 2px;"
                value=""
              />
              <div
                style="position: absolute; top: 0px; left: 0px; visibility: hidden; height: 0px; overflow: scroll; white-space: pre; font-family: -webkit-small-control; letter-spacing: normal; text-transform: none;"
              />
              <div
                style="position: absolute; top: 0px; left: 0px; visibility: hidden; height: 0px; overflow: scroll; white-space: pre; font-family: -webkit-small-control; letter-spacing: normal; text-transform: none;"
              >
                ________________
              </div>
            </div>
            <label
              class="self-center text-sm"
            >
              forcing/allowing
            </label>
          </span>
           us to 
          <span
            class="inline-flex flex-col leading-none"
            data-testid="input-container"
          >
            <div
              class="self-center"
              style="display: inline-block;"
            >
              <input
                class=""
                data-testid="input"
                placeholder="________________"
                style="box-sizing: content-box; width: 2px;"
                value=""
              />
              <div
                style="position: absolute; top: 0px; left: 0px; visibility: hidden; height: 0px; overflow: scroll; white-space: pre; font-family: -webkit-small-control; letter-spacing: normal; text-transform: none;"
              />
              <div
                style="position: absolute; top: 0px; left: 0px; visibility: hidden; height: 0px; overflow: scroll; white-space: pre; font-family: -webkit-small-control; letter-spacing: normal; text-transform: none;"
              >
                ________________
              </div>
            </div>
            <label
              class="self-center text-sm"
            >
              some other activity
            </label>
          </span>
          .
          <button
            class="bg-blue-500 focus:outline-none font-bold font-mono hover:bg-blue-700 ml-3 px-4 rounded-full text-xs text-white"
            data-testid="copy-button"
            type="button"
          >
            Copy to clipboard
          </button>
        </div>
      </li>
      <li>
        <div
          class="border-b border-gray-500 leading-loose mb-2 px-4 hover:bg-gray-100 cursor-pointer py-8 shadow text-lg"
          data-testid="container"
        >
          To feel more confident about our decision to 
          <span
            class="inline-flex flex-col leading-none"
            data-testid="input-container"
          >
            <div
              class="self-center"
              style="display: inline-block;"
            >
              <input
                class=""
                data-testid="input"
                placeholder="________________"
                style="box-sizing: content-box; width: 2px;"
                value=""
              />
              <div
                style="position: absolute; top: 0px; left: 0px; visibility: hidden; height: 0px; overflow: scroll; white-space: pre; font-family: -webkit-small-control; letter-spacing: normal; text-transform: none;"
              />
              <div
                style="position: absolute; top: 0px; left: 0px; visibility: hidden; height: 0px; overflow: scroll; white-space: pre; font-family: -webkit-small-control; letter-spacing: normal; text-transform: none;"
              >
                ________________
              </div>
            </div>
          </span>
          , I would like to observe 
          <span
            class="inline-flex flex-col leading-none"
            data-testid="input-container"
          >
            <div
              class="self-center"
              style="display: inline-block;"
            >
              <input
                class=""
                data-testid="input"
                placeholder="________________"
                style="box-sizing: content-box; width: 2px;"
                value=""
              />
              <div
                style="position: absolute; top: 0px; left: 0px; visibility: hidden; height: 0px; overflow: scroll; white-space: pre; font-family: -webkit-small-control; letter-spacing: normal; text-transform: none;"
              />
              <div
                style="position: absolute; top: 0px; left: 0px; visibility: hidden; height: 0px; overflow: scroll; white-space: pre; font-family: -webkit-small-control; letter-spacing: normal; text-transform: none;"
              >
                ________________
              </div>
            </div>
          </span>
          .
          <span
            class="inline-block ml-3 relative"
          >
            <input
              class="hidden"
              data-testid="recQ2jud83D1dCxr4"
              id="recQ2jud83D1dCxr4"
              type="checkbox"
            />
            <label
              class="cursor-pointer"
              for="recQ2jud83D1dCxr4"
            >
              <div
                class="w-6 h-3 bg-gray-400 rounded-full shadow-inner"
              />
              <div
                class="toggle__dot absolute w-4 h-4 bg-gray-300 rounded-full shadow inset-y-0 left-0"
              />
            </label>
          </span>
          <button
            class="bg-blue-500 focus:outline-none font-bold font-mono hover:bg-blue-700 ml-3 px-4 rounded-full text-xs text-white"
            data-testid="copy-button"
            type="button"
          >
            Copy to clipboard
          </button>
        </div>
      </li>
      <li>
        <div
          class="border-b border-gray-500 leading-loose mb-2 px-4 hover:bg-gray-100 cursor-pointer py-8 shadow text-lg"
          data-testid="container"
        >
          I’m concerned that if we 
          <span
            class="inline-flex flex-col leading-none"
            data-testid="input-container"
          >
            <div
              class="self-center"
              style="display: inline-block;"
            >
              <input
                class=""
                data-testid="input"
                placeholder="________________"
                style="box-sizing: content-box; width: 2px;"
                value=""
              />
              <div
                style="position: absolute; top: 0px; left: 0px; visibility: hidden; height: 0px; overflow: scroll; white-space: pre; font-family: -webkit-small-control; letter-spacing: normal; text-transform: none;"
              />
              <div
                style="position: absolute; top: 0px; left: 0px; visibility: hidden; height: 0px; overflow: scroll; white-space: pre; font-family: -webkit-small-control; letter-spacing: normal; text-transform: none;"
              >
                ________________
              </div>
            </div>
          </span>
          , we may miss the opportunity to 
          <span
            class="inline-flex flex-col leading-none"
            data-testid="input-container"
          >
            <div
              class="self-center"
              style="display: inline-block;"
            >
              <input
                class=""
                data-testid="input"
                placeholder="________________"
                style="box-sizing: content-box; width: 2px;"
                value=""
              />
              <div
                style="position: absolute; top: 0px; left: 0px; visibility: hidden; height: 0px; overflow: scroll; white-space: pre; font-family: -webkit-small-control; letter-spacing: normal; text-transform: none;"
              />
              <div
                style="position: absolute; top: 0px; left: 0px; visibility: hidden; height: 0px; overflow: scroll; white-space: pre; font-family: -webkit-small-control; letter-spacing: normal; text-transform: none;"
              >
                ________________
              </div>
            </div>
          </span>
          .
          <span
            class="inline-block ml-3 relative"
          >
            <input
              class="hidden"
              data-testid="recrYoglrdF32klOv"
              id="recrYoglrdF32klOv"
              type="checkbox"
            />
            <label
              class="cursor-pointer"
              for="recrYoglrdF32klOv"
            >
              <div
                class="w-6 h-3 bg-gray-400 rounded-full shadow-inner"
              />
              <div
                class="toggle__dot absolute w-4 h-4 bg-gray-300 rounded-full shadow inset-y-0 left-0"
              />
            </label>
          </span>
          <button
            class="bg-blue-500 focus:outline-none font-bold font-mono hover:bg-blue-700 ml-3 px-4 rounded-full text-xs text-white"
            data-testid="copy-button"
            type="button"
          >
            Copy to clipboard
          </button>
        </div>
      </li>
      <li>
        <div
          class="border-b border-gray-500 leading-loose mb-2 px-4 hover:bg-gray-100 cursor-pointer py-8 shadow text-lg"
          data-testid="container"
        >
          We seem to be treating 
          <span
            class="inline-flex flex-col leading-none"
            data-testid="input-container"
          >
            <div
              class="self-center"
              style="display: inline-block;"
            >
              <input
                class=""
                data-testid="input"
                placeholder="________________"
                style="box-sizing: content-box; width: 2px;"
                value=""
              />
              <div
                style="position: absolute; top: 0px; left: 0px; visibility: hidden; height: 0px; overflow: scroll; white-space: pre; font-family: -webkit-small-control; letter-spacing: normal; text-transform: none;"
              />
              <div
                style="position: absolute; top: 0px; left: 0px; visibility: hidden; height: 0px; overflow: scroll; white-space: pre; font-family: -webkit-small-control; letter-spacing: normal; text-transform: none;"
              >
                ________________
              </div>
            </div>
            <label
              class="self-center text-sm"
            >
              an assumption
            </label>
          </span>
           as a foregone conclusion. I’m not sure it is that simple. If we were proven wrong (or less right) about 
          <span
            class="inline-flex flex-col leading-none"
            data-testid="input-container"
          >
            <div
              class="self-center"
              style="display: inline-block;"
            >
              <input
                class=""
                data-testid="input"
                placeholder="________________"
                style="box-sizing: content-box; width: 2px;"
                value=""
              />
              <div
                style="position: absolute; top: 0px; left: 0px; visibility: hidden; height: 0px; overflow: scroll; white-space: pre; font-family: -webkit-small-control; letter-spacing: normal; text-transform: none;"
              />
              <div
                style="position: absolute; top: 0px; left: 0px; visibility: hidden; height: 0px; overflow: scroll; white-space: pre; font-family: -webkit-small-control; letter-spacing: normal; text-transform: none;"
              >
                ________________
              </div>
            </div>
            <label
              class="self-center text-sm"
            >
              that assumption
            </label>
          </span>
           , it would impact us in the following ways: 
          <span
            class="inline-flex flex-col leading-none"
            data-testid="input-container"
          >
            <div
              class="self-center"
              style="display: inline-block;"
            >
              <input
                class=""
                data-testid="input"
                placeholder="________________"
                style="box-sizing: content-box; width: 2px;"
                value=""
              />
              <div
                style="position: absolute; top: 0px; left: 0px; visibility: hidden; height: 0px; overflow: scroll; white-space: pre; font-family: -webkit-small-control; letter-spacing: normal; text-transform: none;"
              />
              <div
                style="position: absolute; top: 0px; left: 0px; visibility: hidden; height: 0px; overflow: scroll; white-space: pre; font-family: -webkit-small-control; letter-spacing: normal; text-transform: none;"
              >
                ________________
              </div>
            </div>
            <label
              class="self-center text-sm"
            >
              a list of ways
            </label>
          </span>
            .
          <span
            class="inline-block ml-3 relative"
          >
            <input
              class="hidden"
              data-testid="recm6xCbOJSJZ6jwY"
              id="recm6xCbOJSJZ6jwY"
              type="checkbox"
            />
            <label
              class="cursor-pointer"
              for="recm6xCbOJSJZ6jwY"
            >
              <div
                class="w-6 h-3 bg-gray-400 rounded-full shadow-inner"
              />
              <div
                class="toggle__dot absolute w-4 h-4 bg-gray-300 rounded-full shadow inset-y-0 left-0"
              />
            </label>
          </span>
          <button
            class="bg-blue-500 focus:outline-none font-bold font-mono hover:bg-blue-700 ml-3 px-4 rounded-full text-xs text-white"
            data-testid="copy-button"
            type="button"
          >
            Copy to clipboard
          </button>
        </div>
      </li>
      <li>
        <div
          class="border-b border-gray-500 leading-loose mb-2 px-4 hover:bg-gray-100 cursor-pointer py-8 shadow text-lg"
          data-testid="container"
        >
          To even know where to start, we would need to better understand 
          <span
            class="inline-flex flex-col leading-none"
            data-testid="input-container"
          >
            <div
              class="self-center"
              style="display: inline-block;"
            >
              <input
                class=""
                data-testid="input"
                placeholder="________________"
                style="box-sizing: content-box; width: 2px;"
                value=""
              />
              <div
                style="position: absolute; top: 0px; left: 0px; visibility: hidden; height: 0px; overflow: scroll; white-space: pre; font-family: -webkit-small-control; letter-spacing: normal; text-transform: none;"
              />
              <div
                style="position: absolute; top: 0px; left: 0px; visibility: hidden; height: 0px; overflow: scroll; white-space: pre; font-family: -webkit-small-control; letter-spacing: normal; text-transform: none;"
              >
                ________________
              </div>
            </div>
          </span>
          .
          <span
            class="inline-block ml-3 relative"
          >
            <input
              class="hidden"
              data-testid="recqeN7TDq4kdhFah"
              id="recqeN7TDq4kdhFah"
              type="checkbox"
            />
            <label
              class="cursor-pointer"
              for="recqeN7TDq4kdhFah"
            >
              <div
                class="w-6 h-3 bg-gray-400 rounded-full shadow-inner"
              />
              <div
                class="toggle__dot absolute w-4 h-4 bg-gray-300 rounded-full shadow inset-y-0 left-0"
              />
            </label>
          </span>
          <button
            class="bg-blue-500 focus:outline-none font-bold font-mono hover:bg-blue-700 ml-3 px-4 rounded-full text-xs text-white"
            data-testid="copy-button"
            type="button"
          >
            Copy to clipboard
          </button>
          <div
            class="italic text-indigo-700 text-right text-sm underline"
          >
            <a
              href="https://twitter.com/mattiaerre"
              rel="noopener noreferrer"
              target="_blank"
            >
              @mattiaerre
            </a>
          </div>
        </div>
      </li>
      <li>
        <div
          class="border-b border-gray-500 leading-loose mb-2 px-4 hover:bg-gray-100 cursor-pointer py-8 shadow text-lg"
          data-testid="container"
        >
          A danger of not resolving 
          <span
            class="inline-flex flex-col leading-none"
            data-testid="input-container"
          >
            <div
              class="self-center"
              style="display: inline-block;"
            >
              <input
                class=""
                data-testid="input"
                placeholder="________________"
                style="box-sizing: content-box; width: 2px;"
                value=""
              />
              <div
                style="position: absolute; top: 0px; left: 0px; visibility: hidden; height: 0px; overflow: scroll; white-space: pre; font-family: -webkit-small-control; letter-spacing: normal; text-transform: none;"
              />
              <div
                style="position: absolute; top: 0px; left: 0px; visibility: hidden; height: 0px; overflow: scroll; white-space: pre; font-family: -webkit-small-control; letter-spacing: normal; text-transform: none;"
              >
                ________________
              </div>
            </div>
          </span>
           now is that we will eventually 
          <span
            class="inline-flex flex-col leading-none"
            data-testid="input-container"
          >
            <div
              class="self-center"
              style="display: inline-block;"
            >
              <input
                class=""
                data-testid="input"
                placeholder="________________"
                style="box-sizing: content-box; width: 2px;"
                value=""
              />
              <div
                style="position: absolute; top: 0px; left: 0px; visibility: hidden; height: 0px; overflow: scroll; white-space: pre; font-family: -webkit-small-control; letter-spacing: normal; text-transform: none;"
              />
              <div
                style="position: absolute; top: 0px; left: 0px; visibility: hidden; height: 0px; overflow: scroll; white-space: pre; font-family: -webkit-small-control; letter-spacing: normal; text-transform: none;"
              >
                ________________
              </div>
            </div>
          </span>
          .
          <span
            class="inline-block ml-3 relative"
          >
            <input
              class="hidden"
              data-testid="rec99C9lxMl6aSedq"
              id="rec99C9lxMl6aSedq"
              type="checkbox"
            />
            <label
              class="cursor-pointer"
              for="rec99C9lxMl6aSedq"
            >
              <div
                class="w-6 h-3 bg-gray-400 rounded-full shadow-inner"
              />
              <div
                class="toggle__dot absolute w-4 h-4 bg-gray-300 rounded-full shadow inset-y-0 left-0"
              />
            </label>
          </span>
          <button
            class="bg-blue-500 focus:outline-none font-bold font-mono hover:bg-blue-700 ml-3 px-4 rounded-full text-xs text-white"
            data-testid="copy-button"
            type="button"
          >
            Copy to clipboard
          </button>
          <div
            class="italic text-indigo-700 text-right text-sm underline"
          >
            <a
              href="https://twitter.com/HiredThought"
              rel="noopener noreferrer"
              target="_blank"
            >
              @HiredThought
            </a>
          </div>
        </div>
      </li>
      <li>
        <div
          class="border-b border-gray-500 leading-loose mb-2 px-4 hover:bg-gray-100 cursor-pointer py-8 shadow text-lg"
          data-testid="container"
        >
          The weakest link in our mental model is 
          <span
            class="inline-flex flex-col leading-none"
            data-testid="input-container"
          >
            <div
              class="self-center"
              style="display: inline-block;"
            >
              <input
                class=""
                data-testid="input"
                placeholder="________________"
                style="box-sizing: content-box; width: 2px;"
                value=""
              />
              <div
                style="position: absolute; top: 0px; left: 0px; visibility: hidden; height: 0px; overflow: scroll; white-space: pre; font-family: -webkit-small-control; letter-spacing: normal; text-transform: none;"
              />
              <div
                style="position: absolute; top: 0px; left: 0px; visibility: hidden; height: 0px; overflow: scroll; white-space: pre; font-family: -webkit-small-control; letter-spacing: normal; text-transform: none;"
              >
                ________________
              </div>
            </div>
            <label
              class="self-center text-sm"
            >
              some assumption
            </label>
          </span>
          . If we’re off -- even by a little -- it could have a big impact on this initiative because 
          <span
            class="inline-flex flex-col leading-none"
            data-testid="input-container"
          >
            <div
              class="self-center"
              style="display: inline-block;"
            >
              <input
                class=""
                data-testid="input"
                placeholder="________________"
                style="box-sizing: content-box; width: 2px;"
                value=""
              />
              <div
                style="position: absolute; top: 0px; left: 0px; visibility: hidden; height: 0px; overflow: scroll; white-space: pre; font-family: -webkit-small-control; letter-spacing: normal; text-transform: none;"
              />
              <div
                style="position: absolute; top: 0px; left: 0px; visibility: hidden; height: 0px; overflow: scroll; white-space: pre; font-family: -webkit-small-control; letter-spacing: normal; text-transform: none;"
              >
                ________________
              </div>
            </div>
            <label
              class="self-center text-sm"
            >
              reason
            </label>
          </span>
          .
          <span
            class="inline-block ml-3 relative"
          >
            <input
              class="hidden"
              data-testid="reckkQSV8NuHKOAHr"
              id="reckkQSV8NuHKOAHr"
              type="checkbox"
            />
            <label
              class="cursor-pointer"
              for="reckkQSV8NuHKOAHr"
            >
              <div
                class="w-6 h-3 bg-gray-400 rounded-full shadow-inner"
              />
              <div
                class="toggle__dot absolute w-4 h-4 bg-gray-300 rounded-full shadow inset-y-0 left-0"
              />
            </label>
          </span>
          <button
            class="bg-blue-500 focus:outline-none font-bold font-mono hover:bg-blue-700 ml-3 px-4 rounded-full text-xs text-white"
            data-testid="copy-button"
            type="button"
          >
            Copy to clipboard
          </button>
        </div>
      </li>
      <li>
        <div
          class="border-b border-gray-500 leading-loose mb-2 px-4 hover:bg-gray-100 cursor-pointer py-8 shadow text-lg"
          data-testid="container"
        >
          We may be over-confident in our ability to 
          <span
            class="inline-flex flex-col leading-none"
            data-testid="input-container"
          >
            <div
              class="self-center"
              style="display: inline-block;"
            >
              <input
                class=""
                data-testid="input"
                placeholder="________________"
                style="box-sizing: content-box; width: 2px;"
                value=""
              />
              <div
                style="position: absolute; top: 0px; left: 0px; visibility: hidden; height: 0px; overflow: scroll; white-space: pre; font-family: -webkit-small-control; letter-spacing: normal; text-transform: none;"
              />
              <div
                style="position: absolute; top: 0px; left: 0px; visibility: hidden; height: 0px; overflow: scroll; white-space: pre; font-family: -webkit-small-control; letter-spacing: normal; text-transform: none;"
              >
                ________________
              </div>
            </div>
            <label
              class="self-center text-sm"
            >
              an action
            </label>
          </span>
          . It hasn’t really been a problem yet because 
          <span
            class="inline-flex flex-col leading-none"
            data-testid="input-container"
          >
            <div
              class="self-center"
              style="display: inline-block;"
            >
              <input
                class=""
                data-testid="input"
                placeholder="________________"
                style="box-sizing: content-box; width: 2px;"
                value=""
              />
              <div
                style="position: absolute; top: 0px; left: 0px; visibility: hidden; height: 0px; overflow: scroll; white-space: pre; font-family: -webkit-small-control; letter-spacing: normal; text-transform: none;"
              />
              <div
                style="position: absolute; top: 0px; left: 0px; visibility: hidden; height: 0px; overflow: scroll; white-space: pre; font-family: -webkit-small-control; letter-spacing: normal; text-transform: none;"
              >
                ________________
              </div>
            </div>
            <label
              class="self-center text-sm"
            >
              reason
            </label>
          </span>
          , but it could become a problem in the future if 
          <span
            class="inline-flex flex-col leading-none"
            data-testid="input-container"
          >
            <div
              class="self-center"
              style="display: inline-block;"
            >
              <input
                class=""
                data-testid="input"
                placeholder="________________"
                style="box-sizing: content-box; width: 2px;"
                value=""
              />
              <div
                style="position: absolute; top: 0px; left: 0px; visibility: hidden; height: 0px; overflow: scroll; white-space: pre; font-family: -webkit-small-control; letter-spacing: normal; text-transform: none;"
              />
              <div
                style="position: absolute; top: 0px; left: 0px; visibility: hidden; height: 0px; overflow: scroll; white-space: pre; font-family: -webkit-small-control; letter-spacing: normal; text-transform: none;"
              >
                ________________
              </div>
            </div>
            <label
              class="self-center text-sm"
            >
              new event
            </label>
          </span>
          .
          <span
            class="inline-block ml-3 relative"
          >
            <input
              class="hidden"
              data-testid="receM4Gus7HH43oLM"
              id="receM4Gus7HH43oLM"
              type="checkbox"
            />
            <label
              class="cursor-pointer"
              for="receM4Gus7HH43oLM"
            >
              <div
                class="w-6 h-3 bg-gray-400 rounded-full shadow-inner"
              />
              <div
                class="toggle__dot absolute w-4 h-4 bg-gray-300 rounded-full shadow inset-y-0 left-0"
              />
            </label>
          </span>
          <button
            class="bg-blue-500 focus:outline-none font-bold font-mono hover:bg-blue-700 ml-3 px-4 rounded-full text-xs text-white"
            data-testid="copy-button"
            type="button"
          >
            Copy to clipboard
          </button>
        </div>
      </li>
    </ul>
    <p
      class="my-8"
    >
      <small
        class="font-normal text-gray-700 text-sm"
      >
        v
        0.19.4
      </small>
    </p>
  </div>
</div>
`;

exports[`App w/ fitbs error 1`] = `
<div>
  <div
    class="flex flex-col font-serif items-center max-w-4xl mx-16 sm:mx-32 md:mx-32 lg:mx-32 xl:mx-auto"
  >
    <h1
      class="font-bold mb-8 mt-2 text-4xl text-gray-900"
    >
      TeamPrompts
    </h1>
    <ul
      class="flex flex-wrap mb-4"
    >
      <li
        class="mx-1 my-1"
      >
        <a
          href="#/all"
        >
          <button
            class="capitalize focus:outline-none hover:bg-blue-700 px-4 rounded-full text-white bg-blue-900"
            data-testid="all"
            type="button"
          >
            all (0)
          </button>
        </a>
      </li>
    </ul>
    <ul />
    <pre>
      {}
    </pre>
    <p
      class="my-8"
    >
      <small
        class="font-normal text-gray-700 text-sm"
      >
        v
        0.19.4
      </small>
    </p>
  </div>
</div>
`;

exports[`App w/ tags error 1`] = `
<div>
  <div
    class="flex flex-col font-serif items-center max-w-4xl mx-16 sm:mx-32 md:mx-32 lg:mx-32 xl:mx-auto"
  >
    <h1
      class="font-bold mb-8 mt-2 text-4xl text-gray-900"
    >
      TeamPrompts
    </h1>
    <ul
      class="flex flex-wrap mb-4"
    >
      <li
        class="mx-1 my-1"
      >
        <a
          href="#/all"
        >
          <button
            class="capitalize focus:outline-none hover:bg-blue-700 px-4 rounded-full text-white bg-blue-900"
            data-testid="all"
            type="button"
          >
            all (0)
          </button>
        </a>
      </li>
    </ul>
    <ul />
    <pre>
      {}
    </pre>
    <p
      class="my-8"
    >
      <small
        class="font-normal text-gray-700 text-sm"
      >
        v
        0.19.4
      </small>
    </p>
  </div>
</div>
`;
