// Jest Snapshot v1, https://goo.gl/fbAQLP

exports[`PromptsPage to match snapshot 1`] = `
<div>
  <h1
    class="font-bold mb-8 mt-2 text-4xl text-gray-900"
  >
    TeamPrompts
  </h1>
  <ul
    class="flex flex-wrap mb-4"
  >
    <li
      class="mx-1 my-1"
    >
      <a
        href="#/all"
      >
        <button
          class="capitalize focus:outline-none hover:bg-blue-700 px-4 rounded-full text-white bg-blue-500"
          data-testid="all"
          type="button"
        >
          all (45)
        </button>
      </a>
    </li>
    <li
      class="mx-1 my-1"
    >
      <a
        href="#/decision-making"
      >
        <button
          class="capitalize focus:outline-none hover:bg-blue-700 px-4 rounded-full text-white bg-blue-500"
          data-testid="decision making"
          type="button"
        >
          decision making (27)
        </button>
      </a>
    </li>
    <li
      class="mx-1 my-1"
    >
      <a
        href="#/design"
      >
        <button
          class="capitalize focus:outline-none hover:bg-blue-700 px-4 rounded-full text-white bg-blue-500"
          data-testid="design"
          type="button"
        >
          design (1)
        </button>
      </a>
    </li>
    <li
      class="mx-1 my-1"
    >
      <a
        href="#/measurement"
      >
        <button
          class="capitalize focus:outline-none hover:bg-blue-700 px-4 rounded-full text-white bg-blue-500"
          data-testid="measurement"
          type="button"
        >
          measurement (26)
        </button>
      </a>
    </li>
    <li
      class="mx-1 my-1"
    >
      <a
        href="#/new-years-resolutions"
      >
        <button
          class="capitalize focus:outline-none hover:bg-blue-700 px-4 rounded-full text-white bg-blue-500"
          data-testid="new years resolutions"
          type="button"
        >
          new years resolutions (4)
        </button>
      </a>
    </li>
    <li
      class="mx-1 my-1"
    >
      <a
        href="#/research"
      >
        <button
          class="capitalize focus:outline-none hover:bg-blue-700 px-4 rounded-full text-white bg-blue-500"
          data-testid="research"
          type="button"
        >
          research (23)
        </button>
      </a>
    </li>
    <li
      class="mx-1 my-1"
    >
      <a
        href="#/retrospectives"
      >
        <button
          class="capitalize focus:outline-none hover:bg-blue-700 px-4 rounded-full text-white bg-blue-900"
          data-testid="retrospectives"
          type="button"
        >
          retrospectives (3)
        </button>
      </a>
    </li>
    <li
      class="mx-1 my-1"
    >
      <a
        href="#/strategy"
      >
        <button
          class="capitalize focus:outline-none hover:bg-blue-700 px-4 rounded-full text-white bg-blue-500"
          data-testid="strategy"
          type="button"
        >
          strategy (5)
        </button>
      </a>
    </li>
    <li
      class="mx-1 my-1"
    >
      <a
        href="#/wardley-mapping"
      >
        <button
          class="capitalize focus:outline-none hover:bg-blue-700 px-4 rounded-full text-white bg-blue-500"
          data-testid="wardley mapping"
          type="button"
        >
          wardley mapping (3)
        </button>
      </a>
    </li>
  </ul>
  <ul>
    <li>
      <div
        class="border-b border-gray-500 leading-loose mb-2 px-4 bg-gray-100 pb-8 shadow-xl text-xl"
        data-testid="container"
      >
        <div
          class="text-right"
        >
          <button
            class="focus:outline-none text-right"
            data-testid="go-to-category"
          >
            ×
          </button>
        </div>
        The weakest link in our mental model is 
        <span
          class="inline-flex flex-col leading-none"
          data-testid="input-container"
        >
          <div
            class="self-center"
            style="display: inline-block;"
          >
            <input
              class=""
              data-testid="input"
              placeholder="________________"
              style="box-sizing: content-box; width: 2px;"
              value=""
            />
            <div
              style="position: absolute; top: 0px; left: 0px; visibility: hidden; height: 0px; overflow: scroll; white-space: pre; font-family: -webkit-small-control; letter-spacing: normal; text-transform: none;"
            />
            <div
              style="position: absolute; top: 0px; left: 0px; visibility: hidden; height: 0px; overflow: scroll; white-space: pre; font-family: -webkit-small-control; letter-spacing: normal; text-transform: none;"
            >
              ________________
            </div>
          </div>
          <label
            class="self-center text-sm"
          >
            some assumption
          </label>
        </span>
        . If we’re off -- even by a little -- it could have a big impact on this initiative because 
        <span
          class="inline-flex flex-col leading-none"
          data-testid="input-container"
        >
          <div
            class="self-center"
            style="display: inline-block;"
          >
            <input
              class=""
              data-testid="input"
              placeholder="________________"
              style="box-sizing: content-box; width: 2px;"
              value=""
            />
            <div
              style="position: absolute; top: 0px; left: 0px; visibility: hidden; height: 0px; overflow: scroll; white-space: pre; font-family: -webkit-small-control; letter-spacing: normal; text-transform: none;"
            />
            <div
              style="position: absolute; top: 0px; left: 0px; visibility: hidden; height: 0px; overflow: scroll; white-space: pre; font-family: -webkit-small-control; letter-spacing: normal; text-transform: none;"
            >
              ________________
            </div>
          </div>
          <label
            class="self-center text-sm"
          >
            reason
          </label>
        </span>
        .
        <span
          class="inline-block ml-3 relative"
        >
          <input
            class="hidden"
            data-testid="reckkQSV8NuHKOAHr"
            id="reckkQSV8NuHKOAHr"
            type="checkbox"
          />
          <label
            class="cursor-pointer"
            for="reckkQSV8NuHKOAHr"
          >
            <div
              class="w-6 h-3 bg-gray-400 rounded-full shadow-inner"
            />
            <div
              class="toggle__dot absolute w-4 h-4 bg-gray-300 rounded-full shadow inset-y-0 left-0"
            />
          </label>
        </span>
        <button
          class="bg-blue-500 focus:outline-none font-bold font-mono hover:bg-blue-700 ml-3 px-4 rounded-full text-xs text-white"
          data-testid="copy-button"
          type="button"
        >
          Copy to clipboard
        </button>
      </div>
    </li>
  </ul>
</div>
`;
