// Jest Snapshot v1, https://goo.gl/fbAQLP

exports[`CopyButton examples 1`] = `"The weakest link in our mental model is how we perceive user onboarding. If we’re off -- even by a little -- it could have a big impact on this initiative because our projections might be off."`;

exports[`CopyButton input 1`] = `"The weakest link in our mental model is greek yogurt. If we’re off -- even by a little -- it could have a big impact on this initiative because ________________."`;

exports[`CopyButton to match snapshot 1`] = `
<button
  className="bg-blue-500 focus:outline-none font-bold font-mono hover:bg-blue-700 ml-3 px-4 rounded-full text-xs text-white"
  data-testid="copy-button"
  onClick={[Function]}
  type="button"
>
  Copy to clipboard
</button>
`;
