// Jest Snapshot v1, https://goo.gl/fbAQLP

exports[`FillInTheBlanks to match snapshot 1`] = `
Array [
  <p>
    Do you know the way to 
    <span
      className="bg-yellow-200"
    >
      ________________
    </span>
    ?
  </p>,
  <ul
    className="p-4"
  >
    <li>
      <input
        checked={true}
        data-testid="1-blanks"
        id="1-blanks"
        name="1"
        onChange={[Function]}
        type="radio"
        value="blanks"
      />
      <label
        className="ml-2"
        htmlFor="1-blanks"
      >
        blanks
      </label>
    </li>
    <li>
      <input
        checked={false}
        data-testid="1-examples"
        id="1-examples"
        name="1"
        onChange={[Function]}
        type="radio"
        value="examples"
      />
      <label
        className="ml-2"
        htmlFor="1-examples"
      >
        examples
      </label>
    </li>
    <li>
      <input
        checked={false}
        data-testid="1-prompts"
        id="1-prompts"
        name="1"
        onChange={[Function]}
        type="radio"
        value="prompts"
      />
      <label
        className="ml-2"
        htmlFor="1-prompts"
      >
        prompts
      </label>
    </li>
  </ul>,
]
`;
