// Jest Snapshot v1, https://goo.gl/fbAQLP

exports[`FillInTheBlanks to match snapshot 1`] = `
<div
  className="leading-loose text-lg"
>
  Do you know the way to 
  <span
    className="inline-flex flex-col leading-none"
  >
    <div
      style={
        Object {
          "display": "inline-block",
        }
      }
    >
      <input
        className=""
        data-testid="input"
        onChange={[Function]}
        placeholder="________________"
        style={
          Object {
            "boxSizing": "content-box",
            "width": "1px",
          }
        }
        value=""
      />
      <div
        style={
          Object {
            "height": 0,
            "left": 0,
            "overflow": "scroll",
            "position": "absolute",
            "top": 0,
            "visibility": "hidden",
            "whiteSpace": "pre",
          }
        }
      >
        
      </div>
      <div
        style={
          Object {
            "height": 0,
            "left": 0,
            "overflow": "scroll",
            "position": "absolute",
            "top": 0,
            "visibility": "hidden",
            "whiteSpace": "pre",
          }
        }
      >
        ________________
      </div>
    </div>
    <label
      className="self-center text-sm"
    >
      [place]
    </label>
  </span>
  ?
  <div
    className="inline-block pl-3"
  >
    <label
      className="cursor-pointer"
      htmlFor="1-off"
    >
      <div
        className="relative"
      >
        <input
          checked={false}
          className="hidden"
          data-testid="1-off"
          id="1-off"
          onChange={[Function]}
          type="checkbox"
          value="off"
        />
        <div
          className="toggle__line w-6 h-3 bg-gray-400 rounded-full shadow-inner"
        />
        <div
          className="toggle__dot absolute w-4 h-4 bg-gray-300 rounded-full shadow inset-y-0 left-0"
        />
      </div>
    </label>
  </div>
</div>
`;
